******************************************************************************
                  TI ARM Linker PC v20.2.7                     
******************************************************************************
>> Linked Tue Nov 14 13:25:02 2023

OUTPUT FILE NAME:   <Empty.out>
ENTRY POINT SYMBOL: "_c_int00"  address: 00004521


MEMORY CONFIGURATION

         name            origin    length      used     unused   attr    fill
----------------------  --------  ---------  --------  --------  ----  --------
  FLASH                 00000000   00040000  000081c8  00037e38  R  X
  SRAM                  20000000   00008000  00001b26  000064da  RW X


SEGMENT ALLOCATION MAP

run origin  load origin   length   init length attrs members
----------  ----------- ---------- ----------- ----- -------
00000000    00000000    000081d0   000081d0    r-x
  00000000    00000000    0000003c   0000003c    r-- .resetVecs
  00000040    00000040    00006052   00006052    r-x .text
  00006094    00006094    00001ef2   00001ef2    r-- .const
  00007f88    00007f88    00000248   00000248    r-- .cinit
20000000    20000000    00001b28   00000000    rw-
  20000000    20000000    00000360   00000000    rw- .vecs
  20000360    20000360    00000fa8   00000000    rw- .bss
  20001308    20001308    0000051e   00000000    rw- .data
  20001828    20001828    00000300   00000000    rw- .stack


SECTION ALLOCATION MAP

 output                                  attributes/
section   page    origin      length       input sections
--------  ----  ----------  ----------   ----------------
.text      0    00000040    00006052     
                  00000040    00000430     sysbios.aem4f : BIOS.obj (.text:ti_sysbios_family_arm_m3_Hwi_excDumpRegs__I)
                  00000470    0000034c     ti.targets.arm.rtsarm.aem4f : System.oem4f (.text:xdc_runtime_System_doPrint__I)
                  000007bc    0000030c     uartstdio.obj (.text:UARTvprintf)
                  00000ac8    000002d0     sysbios.aem4f : BIOS.obj (.text:ti_sysbios_knl_Semaphore_pend__E)
                  00000d98    0000026c                   : BIOS.obj (.text:ti_sysbios_heaps_HeapMem_free__E)
                  00001004    00000004     driverlib.lib : timer.obj (.text:TimerIntClear)
                  00001008    00000250     sysbios.aem4f : BIOS.obj (.text:ti_sysbios_heaps_HeapMem_alloc__E)
                  00001258    00000244     empty.obj (.text:handlerBT)
                  0000149c    00000004     driverlib.lib : uart.obj (.text:UARTIntClear)
                  000014a0    000001f4     sysbios.aem4f : BIOS.obj (.text:ti_sysbios_family_arm_m3_Hwi_excHandlerMax__I)
                  00001694    000001ec     empty.obj (.text:main)
                  00001880    00000174     sysbios.aem4f : BIOS.obj (.text:ti_sysbios_family_arm_m3_Hwi_excBusFault__I)
                  000019f4    00000004     rtsv7M4_T_le_v4SPD16_eabi.lib : exit.c.obj (.text:abort:abort)
                  000019f8    00000164     sysbios.aem4f : BIOS.obj (.text:ti_sysbios_family_arm_m3_Hwi_excUsageFault__I)
                  00001b5c    00000004     empty_pem4f.oem4f (.text:ti_sysbios_BIOS_RtsGateProxy_enter__E)
                  00001b60    00000148     sysbios.aem4f : BIOS.obj (.text:ti_sysbios_family_arm_m3_Hwi_excMemFault__I)
                  00001ca8    0000013c                   : BIOS.obj (.text:ti_sysbios_heaps_HeapMem_Instance_init__E)
                  00001de4    00000004     empty_pem4f.oem4f (.text:ti_sysbios_BIOS_RtsGateProxy_leave__E)
                  00001de8    00000134     sysbios.aem4f : BIOS.obj (.text:ti_sysbios_family_arm_lm4_Timer_start__E)
                  00001f1c    00000130     driverlib.lib : gpio.obj (.text:GPIOPadConfigSet)
                  0000204c    0000012c     empty.obj (.text:adjustMotorOutput)
                  00002178    00000128     empty.obj (.text:deadEnd)
                  000022a0    00000118     ti.targets.arm.rtsarm.aem4f : Error.oem4f (.text:xdc_runtime_Error_policyDefault__E)
                  000023b8    0000010c     driverlib.lib : sysctl.obj (.text:SysCtlClockGet)
                  000024c4    00000108     empty.obj (.text:basicPIDControl)
                  000025cc    00000100     Boot.aem4f : Boot_sysctl.oem4f (.text:ti_catalog_arm_cortexm4_tiva_ce_Boot_sysCtlClockSetI__I)
                  000026cc    00000100     ti.targets.arm.rtsarm.aem4f : Core-mem.oem4f (.text:xdc_runtime_Core_createObject__I)
                  000027cc    000000f8                                 : Startup.oem4f (.text:xdc_runtime_Startup_startMods__I)
                  000028c4    000000f8     empty_pem4f.oem4f (.text:xdc_runtime_System_printfExtend__I)
                  000029bc    000000f4     sysbios.aem4f : m3_Hwi_asm.obj (.text:ti_sysbios_family_arm_m3_Hwi_dispatch__I)
                  00002ab0    000000f0     driverlib.lib : sysctl.obj (.text:SysCtlClockSet)
                  00002ba0    000000ec     sysbios.aem4f : BIOS.obj (.text:ti_sysbios_knl_Semaphore_post__E)
                  00002c8c    000000e0     empty.obj (.text:handleLineDetection)
                  00002d6c    000000cc     ti.targets.arm.rtsarm.aem4f : Core-smem.oem4f (.text:xdc_runtime_Core_constructObject__I)
                  00002e38    000000bc     sysbios.aem4f : BIOS.obj (.text:ti_sysbios_family_arm_m3_Hwi_excDebugMon__I)
                  00002ef4    00000004                   : BIOS.obj (.text:ti_sysbios_family_arm_lm4_Timer_masterEnable__I)
                  00002ef8    000000bc                   : BIOS.obj (.text:ti_sysbios_family_arm_m3_Hwi_excHardFault__I)
                  00002fb4    00000004     empty_pem4f.oem4f (.text:ti_sysbios_family_arm_m3_TaskSupport_Module__startupDone__S)
                  00002fb8    000000b4     sysbios.aem4f : BIOS.obj (.text:ti_sysbios_gates_GateMutex_enter__E)
                  0000306c    00000004     empty_pem4f.oem4f (.text:ti_sysbios_heaps_HeapMem_Module_GateProxy_enter__E)
                  00003070    000000b4     sysbios.aem4f : BIOS.obj (.text:ti_sysbios_knl_Task_checkStacks__E)
                  00003124    00000004     empty_pem4f.oem4f (.text:ti_sysbios_heaps_HeapMem_Module_GateProxy_leave__E)
                  00003128    000000ac     sysbios.aem4f : BIOS.obj (.text:ti_sysbios_family_arm_lm4_Timer_enableTiva__I)
                  000031d4    00000004     empty_pem4f.oem4f (.text:ti_sysbios_knl_Clock_TimerProxy_getMaxTicks__E)
                  000031d8    000000a8     sysbios.aem4f : BIOS.obj (.text:ti_sysbios_family_arm_lm4_Timer_enableTimers__I)
                  00003280    000000a8                   : BIOS.obj (.text:ti_sysbios_knl_Task_postInit__I)
                  00003328    000000a4     empty.obj (.text:ConfigureUART)
                  000033cc    000000a0     auto_init.aem4f : auto_init.oem4f (.text)
                  0000346c    000000a0     ti.targets.arm.rtsarm.aem4f : Text.oem4f (.text:xdc_runtime_Text_putMod__E)
                  0000350c    0000009c     rtsv7M4_T_le_v4SPD16_eabi.lib : memcpy_t2.asm.obj (.text)
                  000035a8    0000009c     sysbios.aem4f : BIOS.obj (.text:ti_sysbios_knl_Semaphore_Instance_init__E)
                  00003644    0000009a     ti.targets.arm.rtsarm.aem4f : Text.oem4f (.text:xdc_runtime_Text_putSite__E)
                  000036de    00000002     rtsv7M4_T_le_v4SPD16_eabi.lib : _lock.c.obj (.text:_nop)
                  000036e0    00000098     Boot.aem4f : Boot.oem4f (.text:ti_catalog_arm_cortexm4_tiva_ce_Boot_sysCtlClockSet__E)
                  00003778    00000094     empty.obj (.text:readReflectanceSensor)
                  0000380c    00000004     empty_pem4f.oem4f (.text:ti_sysbios_knl_Queue_destruct)
                  00003810    00000094     sysbios.aem4f : BIOS.obj (.text:ti_sysbios_family_arm_m3_Hwi_initNVIC__E)
                  000038a4    0000008c     empty.obj (.text:stopTimerAndSendData)
                  00003930    0000008c     sysbios.aem4f : m3_TaskSupport_asm.obj (.text:ti_sysbios_family_arm_m3_TaskSupport_buildTaskStack)
                  000039bc    00000086     rtsv7M4_T_le_v4SPD16_eabi.lib : fd_cmp_t2.asm.obj (.text:__aeabi_cdcmple)
                  00003a42    00000086                                   : fd_cmp_t2.asm.obj (.text:__aeabi_cdrcmple)
                  00003ac8    00000084     sysbios.aem4f : BIOS.obj (.text:ti_sysbios_family_arm_m3_Hwi_postInit__I)
                  00003b4c    0000007a     driverlib.lib : adc.obj (.text:ADCSequenceStepConfigure)
                  00003bc6    0000007a     rtsv7M4_T_le_v4SPD16_eabi.lib : memset_t2.asm.obj (.text)
                  00003c40    00000074     empty.obj (.text:FlashRedLEDForOneMinute)
                  00003cb4    00000070     empty.obj (.text:swapBuffers)
                  00003d24    00000004     empty_pem4f.oem4f (.text:ti_sysbios_knl_Semaphore_destruct)
                  00003d28    00000070     sysbios.aem4f : BIOS.obj (.text:ti_sysbios_knl_Clock_workFunc__E)
                  00003d98    00000070                   : BIOS.obj (.text:ti_sysbios_knl_Task_exit__E)
                  00003e08    0000006d     ti.targets.arm.rtsarm.aem4f : System.oem4f (.text:xdc_runtime_System_formatNum__I)
                  00003e75    00000001     --HOLE-- [fill = 0]
                  00003e76    00000002     rtsv7M4_T_le_v4SPD16_eabi.lib : div0.asm.obj (.text)
                  00003e78    0000006c     sysbios.aem4f : BIOS.obj (.text:ti_sysbios_knl_Swi_restoreHwi__E)
                  00003ee4    0000006c     ti.targets.arm.rtsarm.aem4f : Error.oem4f (.text:xdc_runtime_Error_print__E)
                  00003f50    0000006c                                 : Memory.oem4f (.text:xdc_runtime_Memory_alloc__E)
                  00003fbc    00000068     driverlib.lib : interrupt.obj (.text:IntEnable)
                  00004024    00000068     rtsv7M4_T_le_v4SPD16_eabi.lib : copy_decompress_lzss.c.obj (.text:decompress:lzss:__TI_decompress_lzss)
                  0000408c    00000066     ti.targets.arm.rtsarm.aem4f : Core-mem.oem4f (.text:xdc_runtime_Core_deleteObject__I)
                  000040f2    00000006     driverlib.lib : gpio.obj (.text:GPIOPinRead)
                  000040f8    00000064     sysbios.aem4f : BIOS.obj (.text:ti_sysbios_family_arm_lm4_Timer_Module_startup__E)
                  0000415c    00000004     ti.targets.arm.rtsarm.aem4f : Error.oem4f (.text:xdc_runtime_Error_getSite__E)
                  00004160    00000064     sysbios.aem4f : BIOS.obj (.text:ti_sysbios_family_arm_m3_Hwi_dispatchC__I)
                  000041c4    00000060     driverlib.lib : timer.obj (.text:TimerConfigure)
                  00004224    00000004     empty_pem4f.oem4f (.text:xdc_runtime_System_Module_GateProxy_enter__E)
                  00004228    00000060     sysbios.aem4f : BIOS.obj (.text:ti_sysbios_family_arm_lm4_Timer_isrStub__E)
                  00004288    00000060                   : BIOS.obj (.text:ti_sysbios_knl_Task_schedule__I)
                  000042e8    0000005c     empty.obj (.text:ConfigureTimer40msB)
                  00004344    00000004     empty_pem4f.oem4f (.text:xdc_runtime_System_Module_GateProxy_leave__E)
                  00004348    0000005c     sysbios.aem4f : BIOS.obj (.text:ti_sysbios_knl_Swi_run__I)
                  000043a4    00000004     ti.targets.arm.rtsarm.aem4f : System.oem4f (.text:xdc_runtime_System_aprintf_va__F)
                  000043a8    0000005c     sysbios.aem4f : BIOS.obj (.text:ti_sysbios_knl_Swi_schedule__I)
                  00004404    00000004     ti.targets.arm.rtsarm.aem4f : System.oem4f (.text:xdc_runtime_System_printf_va__F)
                  00004408    0000005c     sysbios.aem4f : BIOS.obj (.text:ti_sysbios_knl_Task_Module_startup__E)
                  00004464    00000002     empty_pem4f.oem4f (.text:ti_sysbios_BIOS_nullFunc__I)
                  00004466    00000002     empty_pem4f.oem4f (.text:xdc_runtime_Startup_reset__I)
                  00004468    0000005c     sysbios.aem4f : BIOS.obj (.text:ti_sysbios_knl_Task_startCore__E)
                  000044c4    0000005b     ti.targets.arm.rtsarm.aem4f : Text.oem4f (.text:xdc_runtime_Text_putLab__E)
                  0000451f    00000001     --HOLE-- [fill = 0]
                  00004520    00000058     boot.aem4f : boot.oem4f (.text)
                  00004578    00000058     rtsv7M4_T_le_v4SPD16_eabi.lib : hostwrite.c.obj (.text:HOSTwrite)
                  000045d0    00000058     sysbios.aem4f : m3_Hwi_asm_switch.obj (.text:ti_sysbios_family_arm_m3_Hwi_initStacks__E)
                  00004628    00000054     empty.obj (.text:ConfigureTimer50ms)
                  0000467c    00000054     uartstdio.obj (.text:UARTStdioConfig)
                  000046d0    00000054     empty.obj (.text:acquireData)
                  00004724    00000054     ti.targets.arm.rtsarm.aem4f : Assert.oem4f (.text:xdc_runtime_Assert_raise__I)
                  00004778    00000050     sysbios.aem4f : BIOS.obj (.text:ti_sysbios_family_arm_m3_Hwi_Module_startup__E)
                  000047c8    00000050     ti.targets.arm.rtsarm.aem4f : Startup.oem4f (.text:xdc_runtime_Startup_exec__E)
                  00004818    00000050                                 : Text.oem4f (.text:xdc_runtime_Text_visitRope2__I)
                  00004868    0000004c     uartstdio.obj (.text:UARTwrite)
                  000048b4    0000004c     rtsv7M4_T_le_v4SPD16_eabi.lib : cpy_tbl.c.obj (.text:copy_in)
                  00004900    0000004c     sysbios.aem4f : BIOS.obj (.text:ti_sysbios_heaps_HeapMem_getStats__E)
                  0000494c    00000004     --HOLE-- [fill = 0]
                  00004950    0000004c                   : BIOS.obj (.text:ti_sysbios_knl_Swi_runLoop__I)
                  0000499c    00000004     --HOLE-- [fill = 0]
                  000049a0    0000004c                   : BIOS.obj (.text:ti_sysbios_knl_Task_allBlockedFunction__I)
                  000049ec    00000048     driverlib.lib : gpio.obj (.text:GPIOPinConfigure)
                  00004a34    00000004     --HOLE-- [fill = 0]
                  00004a38    00000048     sysbios.aem4f : BIOS.obj (.text:ti_sysbios_family_arm_m3_Hwi_disableInterrupt__E)
                  00004a80    00000048                   : BIOS.obj (.text:ti_sysbios_family_arm_m3_Hwi_enableInterrupt__E)
                  00004ac8    00000048                   : BIOS.obj (.text:ti_sysbios_family_arm_m3_Hwi_excReserved__I)
                  00004b10    00000046     ti.targets.arm.rtsarm.aem4f : Core-params.oem4f (.text:xdc_runtime_Core_assignParams__I)
                  00004b56    00000002     --HOLE-- [fill = 0]
                  00004b58    00000044     sysbios.aem4f : BIOS.obj (.text:ti_sysbios_family_arm_m3_Hwi_getStackInfo__E)
                  00004b9c    00000004     --HOLE-- [fill = 0]
                  00004ba0    00000044                   : BIOS.obj (.text:ti_sysbios_knl_Swi_post__E)
                  00004be4    00000044     ti.targets.arm.rtsarm.aem4f : Error.oem4f (.text:xdc_runtime_Error_setX__E)
                  00004c28    00000044                                 : SysMin.oem4f (.text:xdc_runtime_SysMin_flush__E)
                  00004c6c    00000044                                 : Text.oem4f (.text:xdc_runtime_Text_xprintf__I)
                  00004cb0    00000042     driverlib.lib : uart.obj (.text:UARTConfigSetExpClk)
                  00004cf2    00000040     rtsv7M4_T_le_v4SPD16_eabi.lib : u_divt2.asm.obj (.text)
                  00004d32    00000006     driverlib.lib : gpio.obj (.text:GPIOPinWrite)
                  00004d38    00000040     sysbios.aem4f : BIOS.obj (.text:ti_sysbios_family_arm_lm4_Timer_startup__E)
                  00004d78    0000003e     driverlib.lib : adc.obj (.text:ADCSequenceConfigure)
                  00004db6    00000002     --HOLE-- [fill = 0]
                  00004db8    0000003c     sysbios.aem4f : BIOS.obj (.text:ti_sysbios_family_arm_m3_Hwi_excSvCall__I)
                  00004df4    00000004     --HOLE-- [fill = 0]
                  00004df8    0000003c                   : BIOS.obj (.text:ti_sysbios_heaps_HeapMem_init__I)
                  00004e34    00000004     --HOLE-- [fill = 0]
                  00004e38    0000003c                   : BIOS.obj (.text:ti_sysbios_knl_Swi_restore__E)
                  00004e74    0000003c     empty.obj (.text:transmitData)
                  00004eb0    00000038     driverlib.lib : sysctl.obj (.text:SysCtlPeripheralPresent)
                  00004ee8    00000038                   : sysctl.obj (.text:SysCtlPeripheralReady)
                  00004f20    00000038     rtsv7M4_T_le_v4SPD16_eabi.lib : trgmsg.c.obj (.text:__TI_writemsg)
                  00004f58    00000038     empty.obj (.text:adc_fwd)
                  00004f90    00000038     empty.obj (.text:adc_rd)
                  00004fc8    00000038     rtsv7M4_T_le_v4SPD16_eabi.lib : fs_tod_t2.asm.obj (.text)
                  00005000    00000038     sysbios.aem4f : BIOS.obj (.text:ti_sysbios_family_arm_m3_Hwi_excNoIsr__I)
                  00005038    00000038                   : BIOS.obj (.text:ti_sysbios_knl_Task_processVitalTaskFlag__I)
                  00005070    00000038     ti.targets.arm.rtsarm.aem4f : SysMin.oem4f (.text:xdc_runtime_SysMin_putch__E)
                  000050a8    00000038                                 : System.oem4f (.text:xdc_runtime_System_atexit__E)
                  000050e0    00000034     driverlib.lib : sysctl.obj (.text:SysCtlPeripheralEnable)
                  00005114    00000034     rtsv7M4_T_le_v4SPD16_eabi.lib : trgmsg.c.obj (.text:__TI_readmsg)
                  00005148    00000034     sysbios.aem4f : BIOS.obj (.text:ti_sysbios_family_arm_m3_Hwi_excNmi__I)
                  0000517c    00000004     --HOLE-- [fill = 0]
                  00005180    00000034                   : BIOS.obj (.text:ti_sysbios_hal_Hwi_checkStack)
                  000051b4    00000034     ti.targets.arm.rtsarm.aem4f : Core-label.oem4f (.text:xdc_runtime_Core_assignLabel__I)
                  000051e8    00000033                                 : Text.oem4f (.text:xdc_runtime_Text_printVisFxn__I)
                  0000521b    00000005     --HOLE-- [fill = 0]
                  00005220    00000032     sysbios.aem4f : BIOS.obj (.text:ti_sysbios_hal_Hwi_initStack)
                  00005252    00000002     --HOLE-- [fill = 0]
                  00005254    00000030     empty_pem4f.oem4f (.text:ti_sysbios_BIOS_atExitFunc__I)
                  00005284    00000004     --HOLE-- [fill = 0]
                  00005288    00000030     sysbios.aem4f : BIOS.obj (.text:ti_sysbios_family_arm_lm4_Timer_stop__E)
                  000052b8    00000030                   : BIOS.obj (.text:ti_sysbios_family_arm_m3_TaskSupport_start__E)
                  000052e8    00000030     empty_pem4f.oem4f (.text:ti_sysbios_gates_GateHwi_Object__create__S)
                  00005318    00000030     empty_pem4f.oem4f (.text:ti_sysbios_gates_GateMutex_Object__create__S)
                  00005348    00000030     empty_pem4f.oem4f (.text:ti_sysbios_heaps_HeapMem_Object__create__S)
                  00005378    00000030     empty_pem4f.oem4f (.text:ti_sysbios_knl_Semaphore_construct)
                  000053a8    00000030     sysbios.aem4f : BIOS.obj (.text:ti_sysbios_knl_Semaphore_pendTimeout__I)
                  000053d8    00000030                   : BIOS.obj (.text:ti_sysbios_knl_Task_unblockI__E)
                  00005408    00000030     ti.targets.arm.rtsarm.aem4f : SysMin.oem4f (.text:xdc_runtime_SysMin_abort__E)
                  00005438    00000030                                 : System.oem4f (.text:xdc_runtime_System_processAtExit__E)
                  00005468    0000002e     driverlib.lib : adc.obj (.text:ADCIntStatus)
                  00005496    00000002     --HOLE-- [fill = 0]
                  00005498    0000002c     empty_pem4f.oem4f (.text:ti_sysbios_knl_Clock_doTick__I)
                  000054c4    0000002c     empty_pem4f.oem4f (.text:ti_sysbios_knl_Queue_construct)
                  000054f0    0000002c     sysbios.aem4f : BIOS.obj (.text:ti_sysbios_knl_Task_restore__E)
                  0000551c    0000002c     ti.targets.arm.rtsarm.aem4f : Text.oem4f (.text:xdc_runtime_Text_cordText__E)
                  00005548    0000002a     driverlib.lib : gpio.obj (.text:GPIODirModeSet)
                  00005572    0000002a     ti.targets.arm.rtsarm.aem4f : System.oem4f (.text:xdc_runtime_System_putchar__I)
                  0000559c    00000004     --HOLE-- [fill = 0]
                  000055a0    00000028     sysbios.aem4f : BIOS.obj (.text:ti_sysbios_knl_Swi_Module_startup__E)
                  000055c8    00000026                   : m3_Hwi_asm.obj (.text:ti_sysbios_family_arm_m3_Hwi_pendSV__I)
                  000055ee    00000026     ti.targets.arm.rtsarm.aem4f : System.oem4f (.text:xdc_runtime_System_avprintf__E)
                  00005614    00000024     uartstdio.obj (.text:UARTprintf)
                  00005638    00000024     empty_pem4f.oem4f (.text:ti_sysbios_BIOS_errorRaiseHook__I)
                  0000565c    00000024     empty_pem4f.oem4f (.text:ti_sysbios_BIOS_registerRTSLock__I)
                  00005680    00000024     empty_pem4f.oem4f (.text:ti_sysbios_BIOS_removeRTSLock__I)
                  000056a4    00000024     empty_pem4f.oem4f (.text:ti_sysbios_BIOS_startFunc__I)
                  000056c8    00000024     empty_pem4f.oem4f (.text:ti_sysbios_gates_GateMutex_Object__delete__S)
                  000056ec    00000004     --HOLE-- [fill = 0]
                  000056f0    00000024     sysbios.aem4f : BIOS.obj (.text:ti_sysbios_knl_Clock_Module_startup__E)
                  00005714    00000004     --HOLE-- [fill = 0]
                  00005718    00000024                   : BIOS.obj (.text:ti_sysbios_knl_Task_restoreHwi__E)
                  0000573c    00000024     ti.targets.arm.rtsarm.aem4f : System.oem4f (.text:xdc_runtime_System_vprintf__E)
                  00005760    00000022     driverlib.lib : pwm.obj (.text:PWMGenConfigure)
                  00005782    00000006                   : sysctl.obj (.text:SysCtlDelay)
                  00005788    00000022     sysbios.aem4f : BIOS.obj (.text:ti_sysbios_family_arm_lm4_Timer_write__I)
                  000057aa    00000022     empty_pem4f.oem4f (.text:xdc_runtime_SysMin_output__I)
                  000057cc    00000020     empty_pem4f.oem4f (.text:ti_sysbios_BIOS_rtsLock__I)
                  000057ec    00000020     sysbios.aem4f : m3_Hwi_asm.obj (.text:ti_sysbios_family_arm_m3_Hwi_excHandlerAsm__I)
                  0000580c    00000004     --HOLE-- [fill = 0]
                  00005810    00000020                   : BIOS.obj (.text:ti_sysbios_family_arm_m3_Hwi_excHandler__I)
                  00005830    00000020     empty_pem4f.oem4f (.text:ti_sysbios_gates_GateHwi_Object__delete__S)
                  00005850    00000020     empty_pem4f.oem4f (.text:ti_sysbios_heaps_HeapMem_Object__delete__S)
                  00005870    00000020     sysbios.aem4f : BIOS.obj (.text:ti_sysbios_knl_Idle_run__E)
                  00005890    00000020     empty_pem4f.oem4f (.text:ti_sysbios_knl_Semaphore_Object__destruct__S)
                  000058b0    00000020     ti.targets.arm.rtsarm.aem4f : Registry.oem4f (.text:xdc_runtime_Registry_findById__E)
                  000058d0    00000020                                 : SysMin.oem4f (.text:xdc_runtime_SysMin_Module_startup__E)
                  000058f0    0000001e     driverlib.lib : adc.obj (.text:ADCSequenceDataGet)
                  0000590e    0000001e                   : pwm.obj (.text:PWMPulseWidthSet)
                  0000592c    0000001e     sysbios.aem4f : m3_Hwi_asm_switch.obj (.text:ti_sysbios_family_xxx_Hwi_switchAndRunFunc)
                  0000594a    00000002     --HOLE-- [fill = 0]
                  0000594c    0000001c     driverlib.lib : uart.obj (.text:UARTDisable)
                  00005968    0000001c     empty.obj (.text:handler50ms)
                  00005984    00000004     --HOLE-- [fill = 0]
                  00005988    0000001c     sysbios.aem4f : BIOS.obj (.text:ti_sysbios_gates_GateMutex_Instance_init__E)
                  000059a4    0000001c     empty_pem4f.oem4f (.text:ti_sysbios_knl_Queue_Object__destruct__S)
                  000059c0    0000001c     sysbios.aem4f : BIOS.obj (.text:ti_sysbios_knl_Task_enter__I)
                  000059dc    0000001c     ti.targets.arm.rtsarm.aem4f : Error.oem4f (.text:xdc_runtime_Error_raiseX__E)
                  000059f8    0000001c                                 : Memory.oem4f (.text:xdc_runtime_Memory_valloc__E)
                  00005a14    0000001c                                 : SysMin.oem4f (.text:xdc_runtime_SysMin_exit__E)
                  00005a30    0000001c                                 : System.oem4f (.text:xdc_runtime_System_abort__E)
                  00005a4c    0000001a     empty_pem4f.oem4f (.text:ti_sysbios_family_arm_m3_Hwi_Handle__label__S)
                  00005a66    0000001a     empty_pem4f.oem4f (.text:ti_sysbios_gates_GateHwi_Handle__label__S)
                  00005a80    0000001a     empty_pem4f.oem4f (.text:ti_sysbios_gates_GateMutex_Handle__label__S)
                  00005a9a    0000001a     empty_pem4f.oem4f (.text:ti_sysbios_heaps_HeapMem_Handle__label__S)
                  00005ab4    0000001a     empty_pem4f.oem4f (.text:ti_sysbios_knl_Swi_Handle__label__S)
                  00005ace    0000001a     empty_pem4f.oem4f (.text:ti_sysbios_knl_Task_Handle__label__S)
                  00005ae8    0000001a     empty_pem4f.oem4f (.text:xdc_runtime_System_aprintf__E)
                  00005b02    0000001a     empty_pem4f.oem4f (.text:xdc_runtime_System_printf__E)
                  00005b1c    00000018     driverlib.lib : adc.obj (.text:ADCProcessorTrigger)
                  00005b34    00000018                   : gpio.obj (.text:GPIOPinTypeGPIOOutput)
                  00005b4c    00000018     rtsv7M4_T_le_v4SPD16_eabi.lib : args_main.c.obj (.text:_args_main)
                  00005b64    00000018     empty.obj (.text:handler40msB)
                  00005b7c    00000018     empty_pem4f.oem4f (.text:ti_sysbios_BIOS_rtsUnlock__I)
                  00005b94    00000018     empty_pem4f.oem4f (.text:ti_sysbios_family_arm_lm4_Timer_Module__startupDone__F)
                  00005bac    00000018     empty_pem4f.oem4f (.text:ti_sysbios_family_arm_m3_Hwi_Module__startupDone__F)
                  00005bc4    00000018     sysbios.aem4f : m3_TaskSupport_asm.obj (.text:ti_sysbios_family_arm_m3_TaskSupport_swap__E)
                  00005bdc    00000004     --HOLE-- [fill = 0]
                  00005be0    00000018                   : BIOS.obj (.text:ti_sysbios_gates_GateMutex_leave__E)
                  00005bf8    00000018     ti.targets.arm.rtsarm.aem4f : Error.oem4f (.text:xdc_runtime_Error_check__E)
                  00005c10    00000018                                 : System.oem4f (.text:xdc_runtime_System_exit__E)
                  00005c28    00000018                                 : Text.oem4f (.text:xdc_runtime_Text_ropeText__E)
                  00005c40    00000016     empty_pem4f.oem4f (.text:ti_sysbios_BIOS_exitFunc__I)
                  00005c56    00000002     --HOLE-- [fill = 0]
                  00005c58    00000014     driverlib.lib : sysctl.obj (.text:SysCtlPWMClockSet)
                  00005c6c    00000014                   : timer.obj (.text:TimerDisable)
                  00005c80    00000014                   : uart.obj (.text:UARTEnable)
                  00005c94    00000014     rtsv7M4_T_le_v4SPD16_eabi.lib : strlen.c.obj (.text:strlen)
                  00005ca8    00000014     empty_pem4f.oem4f (.text:ti_sysbios_family_arm_m3_Hwi_Object__get__S)
                  00005cbc    00000004     --HOLE-- [fill = 0]
                  00005cc0    00000014     sysbios.aem4f : BIOS.obj (.text:ti_sysbios_family_arm_m3_Hwi_switchFromBootStack__E)
                  00005cd4    00000014     empty_pem4f.oem4f (.text:ti_sysbios_heaps_HeapMem_Object__get__S)
                  00005ce8    00000014     empty_pem4f.oem4f (.text:ti_sysbios_knl_Swi_Object__get__S)
                  00005cfc    00000012     driverlib.lib : gpio.obj (.text:GPIOPinTypeADC)
                  00005d0e    00000012                   : gpio.obj (.text:GPIOPinTypeGPIOInput)
                  00005d20    00000012                   : gpio.obj (.text:GPIOPinTypePWM)
                  00005d32    00000012                   : gpio.obj (.text:GPIOPinTypeUART)
                  00005d44    00000012                   : pwm.obj (.text:PWMOutputState)
                  00005d56    00000012                   : timer.obj (.text:TimerLoadSet)
                  00005d68    00000012     sysbios.aem4f : BIOS.obj (.text:ti_sysbios_hal_Hwi_Module_startup__E)
                  00005d7a    00000012     empty_pem4f.oem4f (.text:xdc_runtime_Startup_exec__I)
                  00005d8c    00000010     driverlib.lib : interrupt.obj (.text:IntMasterEnable)
                  00005d9c    00000010                   : pwm.obj (.text:PWMGenPeriodSet)
                  00005dac    00000010     empty.obj (.text:startTimer)
                  00005dbc    00000004     --HOLE-- [fill = 0]
                  00005dc0    00000010     sysbios.aem4f : BIOS.obj (.text:ti_sysbios_BIOS_exit__E)
                  00005dd0    00000010                   : BIOS.obj (.text:ti_sysbios_BIOS_setThreadType__E)
                  00005de0    00000010                   : BIOS.obj (.text:ti_sysbios_BIOS_start__E)
                  00005df0    00000010                   : m3_TaskSupport_asm.obj (.text:ti_sysbios_family_arm_m3_TaskSupport_glue)
                  00005e00    00000010                   : BIOS.obj (.text:ti_sysbios_gates_GateMutex_Instance_finalize__E)
                  00005e10    00000010                   : BIOS.obj (.text:ti_sysbios_knl_Semaphore_Instance_finalize__E)
                  00005e20    00000010                   : BIOS.obj (.text:ti_sysbios_knl_Swi_disable__E)
                  00005e30    00000010     empty_pem4f.oem4f (.text:ti_sysbios_knl_Task_Object__get__S)
                  00005e40    00000010     sysbios.aem4f : BIOS.obj (.text:ti_sysbios_knl_Task_disable__E)
                  00005e50    00000010     ti.targets.arm.rtsarm.aem4f : Gate.oem4f (.text:xdc_runtime_Gate_leaveSystem__E)
                  00005e60    00000010                                 : Memory.oem4f (.text:xdc_runtime_Memory_free__E)
                  00005e70    00000010                                 : SysMin.oem4f (.text:xdc_runtime_SysMin_ready__E)
                  00005e80    00000010                                 : System.oem4f (.text:xdc_runtime_System_vsnprintf__E)
                  00005e90    00000010     empty_pem4f.oem4f (.text:xdc_runtime_Text_visitRope__I)
                  00005ea0    0000000e     driverlib.lib : adc.obj (.text:ADCSequenceDisable)
                  00005eae    0000000e                   : adc.obj (.text:ADCSequenceEnable)
                  00005ebc    0000000e                   : timer.obj (.text:TimerEnable)
                  00005eca    0000000e     rtsv7M4_T_le_v4SPD16_eabi.lib : copy_decompress_none.c.obj (.text:decompress:none:__TI_decompress_none)
                  00005ed8    0000000e     sysbios.aem4f : BIOS.obj (.text:ti_sysbios_knl_Idle_loop__E)
                  00005ee6    00000002     --HOLE-- [fill = 0]
                  00005ee8    0000000e                   : BIOS.obj (.text:ti_sysbios_knl_Queue_empty__E)
                  00005ef6    00000002     --HOLE-- [fill = 0]
                  00005ef8    0000000c     empty_pem4f.oem4f (.text:.bootCodeSection:ti_catalog_arm_cortexm4_tiva_ce_Boot_init__I)
                  00005f04    0000000c     driverlib.lib : cpu.obj (.text:CPUcpsie)
                  00005f10    0000000c                   : pwm.obj (.text:PWMGenEnable)
                  00005f1c    0000000c                   : uart.obj (.text:UARTCharsAvail)
                  00005f28    0000000c     rtsv7M4_T_le_v4SPD16_eabi.lib : _lock.c.obj (.text:_register_lock)
                  00005f34    0000000c                                   : _lock.c.obj (.text:_register_unlock)
                  00005f40    0000000c                                   : copy_zero_init.c.obj (.text:decompress:ZI:__TI_zero_init)
                  00005f4c    00000004     --HOLE-- [fill = 0]
                  00005f50    0000000c     sysbios.aem4f : BIOS.obj (.text:ti_sysbios_family_arm_lm4_Timer_getMaxTicks__E)
                  00005f5c    00000004     --HOLE-- [fill = 0]
                  00005f60    0000000c                   : BIOS.obj (.text:ti_sysbios_family_arm_m3_TaskSupport_checkStack__E)
                  00005f6c    00000004     --HOLE-- [fill = 0]
                  00005f70    0000000c                   : BIOS.obj (.text:ti_sysbios_gates_GateHwi_enter__E)
                  00005f7c    00000004     --HOLE-- [fill = 0]
                  00005f80    0000000c                   : BIOS.obj (.text:ti_sysbios_knl_Clock_getTicks__E)
                  00005f8c    0000000c     empty_pem4f.oem4f (.text:ti_sysbios_knl_Queue_Object__get__S)
                  00005f98    0000000c     ti.targets.arm.rtsarm.aem4f : Error.oem4f (.text:xdc_runtime_Error_init__E)
                  00005fa4    0000000c                                 : Gate.oem4f (.text:xdc_runtime_Gate_enterSystem__E)
                  00005fb0    0000000c                                 : Memory.oem4f (.text:xdc_runtime_Memory_calloc__E)
                  00005fbc    0000000c                                 : Memory.oem4f (.text:xdc_runtime_Memory_getMaxDefaultTypeAlign__E)
                  00005fc8    0000000a     driverlib.lib : adc.obj (.text:ADCIntClear)
                  00005fd2    0000000a                   : uart.obj (.text:UARTCharGet)
                  00005fdc    0000000a                   : uart.obj (.text:UARTCharPut)
                  00005fe6    0000000a                   : uart.obj (.text:UARTIntStatus)
                  00005ff0    0000000a     empty_pem4f.oem4f (.text:xdc_runtime_IHeap_alloc)
                  00005ffa    0000000a     empty_pem4f.oem4f (.text:xdc_runtime_IHeap_free)
                  00006004    00000008     driverlib.lib : timer.obj (.text:TimerIntEnable)
                  0000600c    00000008                   : uart.obj (.text:UARTIntEnable)
                  00006014    00000008     sysbios.aem4f : BIOS.obj (.text:ti_sysbios_family_arm_lm4_Timer_masterDisable__I)
                  0000601c    00000004     --HOLE-- [fill = 0]
                  00006020    00000008                   : BIOS.obj (.text:ti_sysbios_family_arm_m3_Hwi_doSwiRestore__I)
                  00006028    00000008                   : BIOS.obj (.text:ti_sysbios_family_arm_m3_Hwi_startup__E)
                  00006030    00000006     driverlib.lib : uart.obj (.text:UARTClockSourceSet)
                  00006036    00000006     Boot.aem4f : Boot_sysctl.oem4f (.text:ti_catalog_arm_cortexm4_tiva_ce_Boot_sysCtlDelayI__I)
                  0000603c    00000004     --HOLE-- [fill = 0]
                  00006040    00000006     sysbios.aem4f : BIOS.obj (.text:ti_sysbios_family_arm_m3_Hwi_doTaskRestore__I)
                  00006046    00000002     --HOLE-- [fill = 0]
                  00006048    00000006                   : BIOS.obj (.text:ti_sysbios_gates_GateHwi_leave__E)
                  0000604e    00000002     --HOLE-- [fill = 0]
                  00006050    00000006                   : BIOS.obj (.text:ti_sysbios_heaps_HeapMem_isBlocking__E)
                  00006056    00000002     --HOLE-- [fill = 0]
                  00006058    00000006                   : BIOS.obj (.text:ti_sysbios_knl_Queue_Instance_init__E)
                  0000605e    00000002     --HOLE-- [fill = 0]
                  00006060    00000006                   : BIOS.obj (.text:ti_sysbios_knl_Swi_startup__E)
                  00006066    00000006     ti.targets.arm.rtsarm.aem4f : System.oem4f (.text:xdc_runtime_System_Module_startup__E)
                  0000606c    00000004     --HOLE-- [fill = 0]
                  00006070    00000004     sysbios.aem4f : BIOS.obj (.text:ti_sysbios_gates_GateHwi_query__E)
                  00006074    00000004     --HOLE-- [fill = 0]
                  00006078    00000004                   : BIOS.obj (.text:ti_sysbios_gates_GateMutex_query__E)
                  0000607c    00000004     --HOLE-- [fill = 0]
                  00006080    00000004                   : BIOS.obj (.text:ti_sysbios_knl_Task_startup__E)
                  00006084    00000004     --HOLE-- [fill = 0]
                  00006088    00000002                   : BIOS.obj (.text:ti_sysbios_gates_GateHwi_Instance_init__E)
                  0000608a    00000006     --HOLE-- [fill = 0]
                  00006090    00000002                   : BIOS.obj (.text:ti_sysbios_knl_Clock_logTick__E)

.const     0    00006094    00001ef2     
                  00006094    000018a3     empty_pem4f.oem4f (.const:xdc_runtime_Text_charTab__A)
                  00007937    00000001     empty_pem4f.oem4f (.const:xdc_runtime_Error_policy__C)
                  00007938    000000bc     empty_pem4f.oem4f (.const:xdc_runtime_Text_nodeTab__A)
                  000079f4    00000090     driverlib.lib : gpio.obj (.const:g_pui32GPIOBaseAddrs)
                  00007a84    00000070                   : interrupt.obj (.const)
                  00007af4    0000006c                   : sysctl.obj (.const:g_pui32Xtals)
                  00007b60    00000048     empty_pem4f.oem4f (.const:.string)
                  00007ba8    00000028     empty_pem4f.oem4f (.const:ti_sysbios_heaps_HeapMem_Module__FXNS__C)
                  00007bd0    00000024     empty_pem4f.oem4f (.const:ti_sysbios_gates_GateHwi_Module__FXNS__C)
                  00007bf4    00000024     empty_pem4f.oem4f (.const:ti_sysbios_gates_GateMutex_Module__FXNS__C)
                  00007c18    00000024     empty_pem4f.oem4f (.const:ti_sysbios_heaps_HeapMem_Object__PARAMS__C)
                  00007c3c    00000024     empty_pem4f.oem4f (.const:ti_sysbios_knl_Semaphore_Object__PARAMS__C)
                  00007c60    00000020     empty_pem4f.oem4f (.const:ti_sysbios_gates_GateHwi_Object__DESC__C)
                  00007c80    00000020     empty_pem4f.oem4f (.const:ti_sysbios_gates_GateMutex_Object__DESC__C)
                  00007ca0    00000020     empty_pem4f.oem4f (.const:ti_sysbios_heaps_HeapMem_Object__DESC__C)
                  00007cc0    00000020     empty_pem4f.oem4f (.const:ti_sysbios_knl_Queue_Object__DESC__C)
                  00007ce0    00000020     empty_pem4f.oem4f (.const:ti_sysbios_knl_Semaphore_Object__DESC__C)
                  00007d00    00000020     empty_pem4f.oem4f (.const:xdc_runtime_Startup_sfxnTab__A)
                  00007d20    00000018     empty_pem4f.oem4f (.const)
                  00007d38    00000018     empty_pem4f.oem4f (.const:ti_sysbios_gates_GateHwi_Object__PARAMS__C)
                  00007d50    00000018     empty_pem4f.oem4f (.const:ti_sysbios_gates_GateMutex_Object__PARAMS__C)
                  00007d68    00000018     empty_pem4f.oem4f (.const:ti_sysbios_knl_Queue_Object__PARAMS__C)
                  00007d80    00000014     empty_pem4f.oem4f (.const:xdc_runtime_Startup_firstFxns__A)
                  00007d94    00000012     uartstdio.obj (.const:.string)
                  00007da6    00000010     empty_pem4f.oem4f (.const:xdc_runtime_Startup_sfxnRts__A)
                  00007db6    00000002     empty_pem4f.oem4f (.const:ti_catalog_arm_cortexm4_tiva_ce_Boot_Module__id__C)
                  00007db8    0000000c     uartstdio.obj (.const:g_ui32UARTBase)
                  00007dc4    0000000c     uartstdio.obj (.const:g_ui32UARTPeriph)
                  00007dd0    00000008     empty_pem4f.oem4f (.const:ti_sysbios_family_arm_m3_Hwi_excHookFuncs__A)
                  00007dd8    00000008     empty_pem4f.oem4f (.const:ti_sysbios_knl_Idle_funcList__C)
                  00007de0    00000008     empty_pem4f.oem4f (.const:xdc_runtime_Startup_firstFxns__C)
                  00007de8    00000008     empty_pem4f.oem4f (.const:xdc_runtime_Startup_lastFxns__C)
                  00007df0    00000004     empty_pem4f.oem4f (.const:ti_catalog_arm_cortexm4_tiva_ce_Boot_A_mustUseEnhancedClockMode__C)
                  00007df4    00000004     empty_pem4f.oem4f (.const:ti_catalog_arm_cortexm4_tiva_ce_Boot_Module__diagsEnabled__C)
                  00007df8    00000004     empty_pem4f.oem4f (.const:ti_catalog_arm_cortexm4_tiva_ce_Boot_Module__diagsIncluded__C)
                  00007dfc    00000004     empty_pem4f.oem4f (.const:ti_catalog_arm_cortexm4_tiva_ce_Boot_Module__diagsMask__C)
                  00007e00    00000004     empty_pem4f.oem4f (.const:ti_sysbios_family_arm_lm4_Timer_enableFunc__C)
                  00007e04    00000004     empty_pem4f.oem4f (.const:ti_sysbios_family_arm_lm4_Timer_numTimerDevices__C)
                  00007e08    00000004     empty_pem4f.oem4f (.const:ti_sysbios_family_arm_lm4_Timer_startupNeeded__C)
                  00007e0c    00000004     empty_pem4f.oem4f (.const:ti_sysbios_family_arm_m3_Hwi_E_NMI__C)
                  00007e10    00000004     empty_pem4f.oem4f (.const:ti_sysbios_family_arm_m3_Hwi_E_busFault__C)
                  00007e14    00000004     empty_pem4f.oem4f (.const:ti_sysbios_family_arm_m3_Hwi_E_debugMon__C)
                  00007e18    00000004     empty_pem4f.oem4f (.const:ti_sysbios_family_arm_m3_Hwi_E_hardFault__C)
                  00007e1c    00000004     empty_pem4f.oem4f (.const:ti_sysbios_family_arm_m3_Hwi_E_memFault__C)
                  00007e20    00000004     empty_pem4f.oem4f (.const:ti_sysbios_family_arm_m3_Hwi_E_noIsr__C)
                  00007e24    00000004     empty_pem4f.oem4f (.const:ti_sysbios_family_arm_m3_Hwi_E_reserved__C)
                  00007e28    00000004     empty_pem4f.oem4f (.const:ti_sysbios_family_arm_m3_Hwi_E_svCall__C)
                  00007e2c    00000004     empty_pem4f.oem4f (.const:ti_sysbios_family_arm_m3_Hwi_E_usageFault__C)
                  00007e30    00000004     empty_pem4f.oem4f (.const:ti_sysbios_family_arm_m3_Hwi_NUM_INTERRUPTS__C)
                  00007e34    00000004     empty_pem4f.oem4f (.const:ti_sysbios_family_arm_m3_Hwi_Object__count__C)
                  00007e38    00000004     empty_pem4f.oem4f (.const:ti_sysbios_family_arm_m3_Hwi_ccr__C)
                  00007e3c    00000004     empty_pem4f.oem4f (.const:ti_sysbios_family_arm_m3_Hwi_excHandlerFunc__C)
                  00007e40    00000004     empty_pem4f.oem4f (.const:ti_sysbios_family_arm_m3_Hwi_excHookFuncs__C)
                  00007e44    00000004     empty_pem4f.oem4f (.const:ti_sysbios_family_arm_m3_Hwi_nullIsrFunc__C)
                  00007e48    00000004     empty_pem4f.oem4f (.const:ti_sysbios_family_arm_m3_Hwi_priGroup__C)
                  00007e4c    00000004     empty_pem4f.oem4f (.const:ti_sysbios_gates_GateMutex_A_badContext__C)
                  00007e50    00000004     empty_pem4f.oem4f (.const:ti_sysbios_gates_GateMutex_Instance_State_sem__O)
                  00007e54    00000004     empty_pem4f.oem4f (.const:ti_sysbios_gates_GateMutex_Module__diagsEnabled__C)
                  00007e58    00000004     empty_pem4f.oem4f (.const:ti_sysbios_gates_GateMutex_Module__diagsIncluded__C)
                  00007e5c    00000004     empty_pem4f.oem4f (.const:ti_sysbios_gates_GateMutex_Module__diagsMask__C)
                  00007e60    00000004     empty_pem4f.oem4f (.const:ti_sysbios_hal_Hwi_E_stackOverflow__C)
                  00007e64    00000004     empty_pem4f.oem4f (.const:ti_sysbios_heaps_HeapMem_A_align__C)
                  00007e68    00000004     empty_pem4f.oem4f (.const:ti_sysbios_heaps_HeapMem_A_heapSize__C)
                  00007e6c    00000004     empty_pem4f.oem4f (.const:ti_sysbios_heaps_HeapMem_A_invalidFree__C)
                  00007e70    00000004     empty_pem4f.oem4f (.const:ti_sysbios_heaps_HeapMem_A_zeroBlock__C)
                  00007e74    00000004     empty_pem4f.oem4f (.const:ti_sysbios_heaps_HeapMem_E_memory__C)
                  00007e78    00000004     empty_pem4f.oem4f (.const:ti_sysbios_heaps_HeapMem_Module__diagsEnabled__C)
                  00007e7c    00000004     empty_pem4f.oem4f (.const:ti_sysbios_heaps_HeapMem_Module__diagsIncluded__C)
                  00007e80    00000004     empty_pem4f.oem4f (.const:ti_sysbios_heaps_HeapMem_Module__diagsMask__C)
                  00007e84    00000004     empty_pem4f.oem4f (.const:ti_sysbios_heaps_HeapMem_Module__gateObj__C)
                  00007e88    00000004     empty_pem4f.oem4f (.const:ti_sysbios_heaps_HeapMem_Object__count__C)
                  00007e8c    00000004     empty_pem4f.oem4f (.const:ti_sysbios_heaps_HeapMem_reqAlign__C)
                  00007e90    00000004     empty_pem4f.oem4f (.const:ti_sysbios_knl_Clock_Module_State_clockQ__O)
                  00007e94    00000004     empty_pem4f.oem4f (.const:ti_sysbios_knl_Clock_tickPeriod__C)
                  00007e98    00000004     empty_pem4f.oem4f (.const:ti_sysbios_knl_Idle_funcList__A)
                  00007e9c    00000004     empty_pem4f.oem4f (.const:ti_sysbios_knl_Semaphore_A_badContext__C)
                  00007ea0    00000004     empty_pem4f.oem4f (.const:ti_sysbios_knl_Semaphore_A_noEvents__C)
                  00007ea4    00000004     empty_pem4f.oem4f (.const:ti_sysbios_knl_Semaphore_A_overflow__C)
                  00007ea8    00000004     empty_pem4f.oem4f (.const:ti_sysbios_knl_Semaphore_A_pendTaskDisabled__C)
                  00007eac    00000004     empty_pem4f.oem4f (.const:ti_sysbios_knl_Semaphore_Instance_State_pendQ__O)
                  00007eb0    00000004     empty_pem4f.oem4f (.const:ti_sysbios_knl_Semaphore_Module__diagsEnabled__C)
                  00007eb4    00000004     empty_pem4f.oem4f (.const:ti_sysbios_knl_Semaphore_Module__diagsIncluded__C)
                  00007eb8    00000004     empty_pem4f.oem4f (.const:ti_sysbios_knl_Semaphore_Module__diagsMask__C)
                  00007ebc    00000004     empty_pem4f.oem4f (.const:ti_sysbios_knl_Swi_Object__count__C)
                  00007ec0    00000004     empty_pem4f.oem4f (.const:ti_sysbios_knl_Task_E_spOutOfBounds__C)
                  00007ec4    00000004     empty_pem4f.oem4f (.const:ti_sysbios_knl_Task_E_stackOverflow__C)
                  00007ec8    00000004     empty_pem4f.oem4f (.const:ti_sysbios_knl_Task_Module_State_inactiveQ__O)
                  00007ecc    00000004     empty_pem4f.oem4f (.const:ti_sysbios_knl_Task_Object__count__C)
                  00007ed0    00000004     empty_pem4f.oem4f (.const:ti_sysbios_knl_Task_allBlockedFunc__C)
                  00007ed4    00000004     empty_pem4f.oem4f (.const:ti_sysbios_knl_Task_numConstructedTasks__C)
                  00007ed8    00000004     uartstdio.obj (.const)
                  00007edc    00000004     empty_pem4f.oem4f (.const:xdc_runtime_Assert_E_assertFailed__C)
                  00007ee0    00000004     empty_pem4f.oem4f (.const:xdc_runtime_Core_A_initializedParams__C)
                  00007ee4    00000004     empty_pem4f.oem4f (.const:xdc_runtime_Core_Module__diagsEnabled__C)
                  00007ee8    00000004     empty_pem4f.oem4f (.const:xdc_runtime_Core_Module__diagsIncluded__C)
                  00007eec    00000004     empty_pem4f.oem4f (.const:xdc_runtime_Core_Module__diagsMask__C)
                  00007ef0    00000004     empty_pem4f.oem4f (.const:xdc_runtime_Error_E_memory__C)
                  00007ef4    00000004     empty_pem4f.oem4f (.const:xdc_runtime_Error_Module__diagsEnabled__C)
                  00007ef8    00000004     empty_pem4f.oem4f (.const:xdc_runtime_Error_Module__diagsIncluded__C)
                  00007efc    00000004     empty_pem4f.oem4f (.const:xdc_runtime_Error_Module__diagsMask__C)
                  00007f00    00000004     empty_pem4f.oem4f (.const:xdc_runtime_Error_Module__loggerFxn8__C)
                  00007f04    00000004     empty_pem4f.oem4f (.const:xdc_runtime_Error_Module__loggerObj__C)
                  00007f08    00000004     empty_pem4f.oem4f (.const:xdc_runtime_Error_policyFxn__C)
                  00007f0c    00000004     empty_pem4f.oem4f (.const:xdc_runtime_Error_raiseHook__C)
                  00007f10    00000004     empty_pem4f.oem4f (.const:xdc_runtime_IGateProvider_Interface__BASE__C)
                  00007f14    00000004     empty_pem4f.oem4f (.const:xdc_runtime_IHeap_Interface__BASE__C)
                  00007f18    00000004     empty_pem4f.oem4f (.const:xdc_runtime_IModule_Interface__BASE__C)
                  00007f1c    00000004     empty_pem4f.oem4f (.const:xdc_runtime_Log_L_error__C)
                  00007f20    00000004     empty_pem4f.oem4f (.const:xdc_runtime_Memory_defaultHeapInstance__C)
                  00007f24    00000004     empty_pem4f.oem4f (.const:xdc_runtime_Startup_execImpl__C)
                  00007f28    00000004     empty_pem4f.oem4f (.const:xdc_runtime_Startup_maxPasses__C)
                  00007f2c    00000004     empty_pem4f.oem4f (.const:xdc_runtime_Startup_sfxnRts__C)
                  00007f30    00000004     empty_pem4f.oem4f (.const:xdc_runtime_Startup_sfxnTab__C)
                  00007f34    00000004     empty_pem4f.oem4f (.const:xdc_runtime_SysMin_bufSize__C)
                  00007f38    00000004     empty_pem4f.oem4f (.const:xdc_runtime_SysMin_outputFunc__C)
                  00007f3c    00000004     empty_pem4f.oem4f (.const:xdc_runtime_System_Module__gateObj__C)
                  00007f40    00000004     empty_pem4f.oem4f (.const:xdc_runtime_System_abortFxn__C)
                  00007f44    00000004     empty_pem4f.oem4f (.const:xdc_runtime_System_exitFxn__C)
                  00007f48    00000004     empty_pem4f.oem4f (.const:xdc_runtime_System_extendFxn__C)
                  00007f4c    00000004     empty_pem4f.oem4f (.const:xdc_runtime_System_maxAtexitHandlers__C)
                  00007f50    00000004     empty_pem4f.oem4f (.const:xdc_runtime_Text_charTab__C)
                  00007f54    00000004     empty_pem4f.oem4f (.const:xdc_runtime_Text_nameEmpty__C)
                  00007f58    00000004     empty_pem4f.oem4f (.const:xdc_runtime_Text_nameStatic__C)
                  00007f5c    00000004     empty_pem4f.oem4f (.const:xdc_runtime_Text_nameUnknown__C)
                  00007f60    00000004     empty_pem4f.oem4f (.const:xdc_runtime_Text_nodeTab__C)
                  00007f64    00000004     empty_pem4f.oem4f (.const:xdc_runtime_Text_visitRopeFxn__C)
                  00007f68    00000002     empty_pem4f.oem4f (.const:ti_sysbios_family_arm_m3_Hwi_Module__id__C)
                  00007f6a    00000002     empty_pem4f.oem4f (.const:ti_sysbios_gates_GateMutex_Module__id__C)
                  00007f6c    00000002     empty_pem4f.oem4f (.const:ti_sysbios_hal_Hwi_Module__id__C)
                  00007f6e    00000002     empty_pem4f.oem4f (.const:ti_sysbios_heaps_HeapMem_Module__id__C)
                  00007f70    00000002     empty_pem4f.oem4f (.const:ti_sysbios_knl_Semaphore_Module__id__C)
                  00007f72    00000002     empty_pem4f.oem4f (.const:ti_sysbios_knl_Task_Module__id__C)
                  00007f74    00000002     empty_pem4f.oem4f (.const:xdc_runtime_Core_Module__id__C)
                  00007f76    00000002     empty_pem4f.oem4f (.const:xdc_runtime_Error_Module__loggerDefined__C)
                  00007f78    00000002     empty_pem4f.oem4f (.const:xdc_runtime_Error_maxDepth__C)
                  00007f7a    00000002     empty_pem4f.oem4f (.const:xdc_runtime_Memory_Module__id__C)
                  00007f7c    00000002     empty_pem4f.oem4f (.const:xdc_runtime_SysMin_flushAtExit__C)
                  00007f7e    00000002     empty_pem4f.oem4f (.const:xdc_runtime_Text_charCnt__C)
                  00007f80    00000002     empty_pem4f.oem4f (.const:xdc_runtime_Text_isLoaded__C)
                  00007f82    00000002     empty_pem4f.oem4f (.const:xdc_runtime_Text_registryModsLastId__C)
                  00007f84    00000002     empty_pem4f.oem4f (.const:xdc_runtime_Text_unnamedModsLastId__C)

.cinit     0    00007f88    00000248     
                  00007f88    00000214     (.cinit..data.load) [load image, compression = lzss]
                  0000819c    0000000c     (__TI_handler_table)
                  000081a8    00000008     (.cinit..bss.load) [load image, compression = zero_init]
                  000081b0    00000008     (.cinit..vecs.load) [load image, compression = zero_init]
                  000081b8    00000018     (__TI_cinit_table)

.init_array 
*          0    00000000    00000000     UNINITIALIZED

.resetVecs 
*          0    00000000    0000003c     
                  00000000    0000003c     empty_pem4f.oem4f (.resetVecs)

.bss       0    20000360    00000fa8     UNINITIALIZED
                  20000360    00000600     empty_pem4f.oem4f (.bss:taskStackSection)
                  20000960    00000400     (.common:ti_sysbios_heaps_HeapMem_Instance_State_0_buf__A)
                  20000d60    00000360     (.common:ti_sysbios_family_arm_m3_Hwi_dispatchTable)
                  200010c0    00000120     rtsv7M4_T_le_v4SPD16_eabi.lib : trgmsg.c.obj (.bss:_CIOBUF_)
                  200011e0    00000080     (.common:xdc_runtime_SysMin_Module_State_0_outbuf__A)
                  20001260    00000050     (.common:pingBuffer)
                  200012b0    00000050     (.common:pongBuffer)
                  20001300    00000008     (.common:parmbuf)

.data      0    20001308    0000051e     UNINITIALIZED
                  20001308    000000e4     empty_pem4f.oem4f (.data:ti_sysbios_knl_Task_Object__table__V)
                  200013ec    00000080     empty_pem4f.oem4f (.data:ti_sysbios_knl_Swi_Module_State_0_readyQ__A)
                  2000146c    00000080     empty_pem4f.oem4f (.data:ti_sysbios_knl_Task_Module_State_0_readyQ__A)
                  200014ec    00000060     empty_pem4f.oem4f (.data:ti_sysbios_family_arm_m3_Hwi_Object__table__V)
                  2000154c    00000044     empty_pem4f.oem4f (.data:ti_sysbios_knl_Task_Module__state__V)
                  20001590    00000040     empty_pem4f.oem4f (.data:ti_sysbios_family_arm_lm4_Timer_Object__table__V)
                  200015d0    00000038     empty.obj (.data)
                  20001608    00000038     empty_pem4f.oem4f (.data:ti_sysbios_gates_GateMutex_Object__table__V)
                  20001640    00000034     empty_pem4f.oem4f (.data:ti_sysbios_family_arm_m3_Hwi_Module__state__V)
                  20001674    00000030     empty_pem4f.oem4f (.data:ti_sysbios_family_arm_lm4_Timer_Module_State_0_device__A)
                  200016a4    00000030     empty_pem4f.oem4f (.data:ti_sysbios_knl_Swi_Object__table__V)
                  200016d4    0000002c     empty_pem4f.oem4f (.data:ti_sysbios_knl_Clock_Module__state__V)
                  20001700    00000024     empty_pem4f.oem4f (.data:ti_sysbios_BIOS_Module__state__V)
                  20001724    0000001c     empty_pem4f.oem4f (.data:ti_sysbios_knl_Swi_Module__state__V)
                  20001740    00000018     empty_pem4f.oem4f (.data:ti_sysbios_family_arm_lm4_Timer_Module_State_0_handles__A)
                  20001758    00000018     empty_pem4f.oem4f (.data:ti_sysbios_hal_Hwi_Object__table__V)
                  20001770    00000018     empty_pem4f.oem4f (.data:ti_sysbios_heaps_HeapMem_Object__table__V)
                  20001788    00000014     empty_pem4f.oem4f (.data:ti_sysbios_knl_Semaphore_Object__table__V)
                  2000179c    0000000c     empty_pem4f.oem4f (.data:ti_sysbios_family_arm_lm4_Timer_Module__state__V)
                  200017a8    0000000c     empty_pem4f.oem4f (.data:xdc_runtime_SysMin_Module__state__V)
                  200017b4    00000008     rtsv7M4_T_le_v4SPD16_eabi.lib : _lock.c.obj (.data:$O1$$)
                  200017bc    00000008     empty_pem4f.oem4f (.data:ti_sysbios_gates_GateHwi_Module__root__V)
                  200017c4    00000008     empty_pem4f.oem4f (.data:ti_sysbios_gates_GateMutex_Module__root__V)
                  200017cc    00000008     empty_pem4f.oem4f (.data:ti_sysbios_heaps_HeapMem_Module__root__V)
                  200017d4    00000008     empty_pem4f.oem4f (.data:ti_sysbios_knl_Queue_Module__root__V)
                  200017dc    00000008     empty_pem4f.oem4f (.data:ti_sysbios_knl_Semaphore_Module__root__V)
                  200017e4    00000008     empty_pem4f.oem4f (.data:xdc_runtime_Registry_Module__state__V)
                  200017ec    00000008     empty_pem4f.oem4f (.data:xdc_runtime_Startup_Module__state__V)
                  200017f4    00000008     empty_pem4f.oem4f (.data:xdc_runtime_System_Module_State_0_atexitHandlers__A)
                  200017fc    00000008     empty_pem4f.oem4f (.data:xdc_runtime_System_Module__state__V)
                  20001804    00000005     uartstdio.obj (.data)
                  20001809    00000001     --HOLE--
                  2000180a    00000002     empty_pem4f.oem4f (.data:ti_sysbios_family_arm_m3_Hwi_Module_State_0_excActive__A)
                  2000180c    00000004     rtsv7M4_T_le_v4SPD16_eabi.lib : stkdepth_vars.c.obj (.data)
                  20001810    00000004     empty_pem4f.oem4f (.data:ti_sysbios_family_arm_m3_Hwi_Module_State_0_excContext__A)
                  20001814    00000004     empty_pem4f.oem4f (.data:ti_sysbios_family_arm_m3_Hwi_Module_State_0_excStack__A)
                  20001818    00000004     empty_pem4f.oem4f (.data:ti_sysbios_gates_GateHwi_Object__table__V)
                  2000181c    00000004     empty_pem4f.oem4f (.data:ti_sysbios_knl_Task_Module_State_0_idleTask__A)
                  20001820    00000004     empty_pem4f.oem4f (.data:xdc_runtime_Memory_Module__state__V)
                  20001824    00000002     empty_pem4f.oem4f (.data:xdc_runtime_Error_Module__state__V)

.stack     0    20001828    00000300     UNINITIALIZED
                  20001828    00000300     --HOLE--

.bootVecs 
*          0    00000000    00000008     DSECT
                  00000000    00000008     boot.aem4f : boot.oem4f (.bootVecs)

.vecs      0    20000000    00000360     UNINITIALIZED
                  20000000    00000360     empty_pem4f.oem4f (.vecs)

xdc.meta   0    00000000    000000de     COPY SECTION
                  00000000    000000de     empty_pem4f.oem4f (xdc.meta)

__llvm_prf_cnts 
*          0    20000000    00000000     UNINITIALIZED

MODULE SUMMARY

       Module                       code    ro data   rw data
       ------                       ----    -------   -------
    .\
       empty.obj                    3336    0         216    
    +--+----------------------------+-------+---------+---------+
       Total:                       3336    0         216    
                                                             
    .\utils\
       uartstdio.obj                976     46        5      
    +--+----------------------------+-------+---------+---------+
       Total:                       976     46        5      
                                                             
    C:\Users\shaaz\OneDrive\Desktop\Empty\Debug\configPkg\package\cfg\
       empty_pem4f.oem4f            1446    7572      5652   
    +--+----------------------------+-------+---------+---------+
       Total:                       1446    7572      5652   
                                                             
    C:/ti/tirtos_tivac_2_16_01_14/products/TivaWare_C_Series-2.1.1.71b/driverlib/ccs/Debug/driverlib.lib
       sysctl.obj                   698     108       0      
       gpio.obj                     526     144       0      
       adc.obj                      322     0         0      
       interrupt.obj                120     112       0      
       uart.obj                     174     0         0      
       timer.obj                    160     0         0      
       pwm.obj                      110     0         0      
       cpu.obj                      12      0         0      
    +--+----------------------------+-------+---------+---------+
       Total:                       2122    364       0      
                                                             
    C:\Users\shaaz\OneDrive\Desktop\Empty\src\sysbios\sysbios.aem4f
       BIOS.obj                     10188   0         0      
       m3_Hwi_asm.obj               314     0         0      
       m3_TaskSupport_asm.obj       180     0         0      
       m3_Hwi_asm_switch.obj        118     0         0      
    +--+----------------------------+-------+---------+---------+
       Total:                       10800   0         0      
                                                             
    C:\ti\ccs1240\ccs\tools\compiler\ti-cgt-arm_20.2.7.LTS\lib\rtsv7M4_T_le_v4SPD16_eabi.lib
       trgmsg.c.obj                 108     0         288    
       fd_cmp_t2.asm.obj            268     0         0      
       memcpy_t2.asm.obj            156     0         0      
       memset_t2.asm.obj            122     0         0      
       copy_decompress_lzss.c.obj   104     0         0      
       hostwrite.c.obj              88      0         0      
       cpy_tbl.c.obj                76      0         0      
       u_divt2.asm.obj              64      0         0      
       fs_tod_t2.asm.obj            56      0         0      
       _lock.c.obj                  26      0         8      
       args_main.c.obj              24      0         0      
       strlen.c.obj                 20      0         0      
       copy_decompress_none.c.obj   14      0         0      
       copy_zero_init.c.obj         12      0         0      
       hostopen.c.obj               0       0         8      
       exit.c.obj                   4       0         0      
       stkdepth_vars.c.obj          0       0         4      
       div0.asm.obj                 2       0         0      
    +--+----------------------------+-------+---------+---------+
       Total:                       1144    0         308    
                                                             
    C:\ti\tirtos_tivac_2_16_01_14\products\bios_6_45_02_31\packages\ti\catalog\arm\cortexm4\tiva\ce\lib\Boot.aem4f
       Boot_sysctl.oem4f            262     0         0      
       Boot.oem4f                   152     0         0      
    +--+----------------------------+-------+---------+---------+
       Total:                       414     0         0      
                                                             
    C:\ti\tirtos_tivac_2_16_01_14\products\bios_6_45_02_31\packages\ti\targets\arm\rtsarm\lib\auto_init.aem4f
       auto_init.oem4f              160     0         0      
    +--+----------------------------+-------+---------+---------+
       Total:                       160     0         0      
                                                             
    C:\ti\tirtos_tivac_2_16_01_14\products\bios_6_45_02_31\packages\ti\targets\arm\rtsarm\lib\boot.aem4f
       boot.oem4f                   88      0         0      
    +--+----------------------------+-------+---------+---------+
       Total:                       88      0         0      
                                                             
    C:\ti\tirtos_tivac_2_16_01_14\products\bios_6_45_02_31\packages\ti\targets\arm\rtsarm\lib\ti.targets.arm.rtsarm.aem4f
       System.oem4f                 1255    0         0      
       Text.oem4f                   672     0         0      
       Error.oem4f                  524     0         0      
       Core-mem.oem4f               358     0         0      
       Startup.oem4f                328     0         0      
       SysMin.oem4f                 248     0         0      
       Core-smem.oem4f              204     0         0      
       Memory.oem4f                 176     0         0      
       Assert.oem4f                 84      0         0      
       Core-params.oem4f            70      0         0      
       Core-label.oem4f             52      0         0      
       Registry.oem4f               32      0         0      
       Gate.oem4f                   28      0         0      
    +--+----------------------------+-------+---------+---------+
       Total:                       4031    0         0      
                                                             
       Stack:                       0       0         768    
       Linker Generated:            0       584       0      
    +--+----------------------------+-------+---------+---------+
       Grand Total:                 24517   8566      6949   


LINKER GENERATED COPY TABLES

__TI_cinit_table @ 000081b8 records: 3, size/record: 8, table size: 24
	.data: load addr=00007f88, load size=00000214 bytes, run addr=20001308, run size=0000051e bytes, compression=lzss
	.bss: load addr=000081a8, load size=00000008 bytes, run addr=20000360, run size=00000fa8 bytes, compression=zero_init
	.vecs: load addr=000081b0, load size=00000008 bytes, run addr=20000000, run size=00000360 bytes, compression=zero_init


LINKER GENERATED HANDLER TABLE

__TI_handler_table @ 0000819c records: 3, size/record: 4, table size: 12
	index: 0, handler: __TI_decompress_lzss
	index: 1, handler: __TI_decompress_none
	index: 2, handler: __TI_zero_init


GLOBAL SYMBOLS: SORTED ALPHABETICALLY BY Name 

address   name                                                              
-------   ----                                                              
00005fc9  ADCIntClear                                                       
00005469  ADCIntStatus                                                      
00005b1d  ADCProcessorTrigger                                               
00004d79  ADCSequenceConfigure                                              
000058f1  ADCSequenceDataGet                                                
00005ea1  ADCSequenceDisable                                                
00005eaf  ADCSequenceEnable                                                 
00003b4d  ADCSequenceStepConfigure                                          
000019f5  C$$EXIT                                                           
00004f4f  C$$IO$$                                                           
00005f05  CPUcpsie                                                          
000042e9  ConfigureTimer40msB                                               
00004629  ConfigureTimer50ms                                                
00003329  ConfigureUART                                                     
00003c41  FlashRedLEDForOneMinute                                           
00005549  GPIODirModeSet                                                    
00001f1d  GPIOPadConfigSet                                                  
000049ed  GPIOPinConfigure                                                  
000040f3  GPIOPinRead                                                       
00005cfd  GPIOPinTypeADC                                                    
00005d0f  GPIOPinTypeGPIOInput                                              
00005b35  GPIOPinTypeGPIOOutput                                             
00005d21  GPIOPinTypePWM                                                    
00005d33  GPIOPinTypeUART                                                   
00004d33  GPIOPinWrite                                                      
00004579  HOSTwrite                                                         
00003fbd  IntEnable                                                         
00005d8d  IntMasterEnable                                                   
200015d0  LeftDutyCycle                                                     
00005761  PWMGenConfigure                                                   
00005f11  PWMGenEnable                                                      
00005d9d  PWMGenPeriodSet                                                   
00005d45  PWMOutputState                                                    
0000590f  PWMPulseWidthSet                                                  
200015d4  RightDutyCycle                                                    
UNDEFED   SHT$$INIT_ARRAY$$Base                                             
UNDEFED   SHT$$INIT_ARRAY$$Limit                                            
000023b9  SysCtlClockGet                                                    
00002ab1  SysCtlClockSet                                                    
00005783  SysCtlDelay                                                       
00005c59  SysCtlPWMClockSet                                                 
000050e1  SysCtlPeripheralEnable                                            
00004eb1  SysCtlPeripheralPresent                                           
00004ee9  SysCtlPeripheralReady                                             
00007d34  Timer40ms                                                         
00007d24  Timer50ms                                                         
000041c5  TimerConfigure                                                    
00005c6d  TimerDisable                                                      
00005ebd  TimerEnable                                                       
00001005  TimerIntClear                                                     
00006005  TimerIntEnable                                                    
00005d57  TimerLoadSet                                                      
00005fd3  UARTCharGet                                                       
00005fdd  UARTCharPut                                                       
00005f1d  UARTCharsAvail                                                    
00006031  UARTClockSourceSet                                                
00004cb1  UARTConfigSetExpClk                                               
0000594d  UARTDisable                                                       
00005c81  UARTEnable                                                        
0000149d  UARTIntClear                                                      
0000600d  UARTIntEnable                                                     
00005fe7  UARTIntStatus                                                     
0000467d  UARTStdioConfig                                                   
00005615  UARTprintf                                                        
000007bd  UARTvprintf                                                       
00004869  UARTwrite                                                         
00000000  __ASM__                                                           
200010c0  __CIOBUF_                                                         
0000005c  __ISA__                                                           
0000006f  __PLAT__                                                          
20001b28  __STACK_END                                                       
00000300  __STACK_SIZE                                                      
00000090  __TARG__                                                          
000081b8  __TI_CINIT_Base                                                   
000081d0  __TI_CINIT_Limit                                                  
0000819c  __TI_Handler_Table_Base                                           
000081a8  __TI_Handler_Table_Limit                                          
000033cd  __TI_auto_init                                                    
00004025  __TI_decompress_lzss                                              
00005ecb  __TI_decompress_none                                              
ffffffff  __TI_pprof_out_hndl                                               
ffffffff  __TI_prof_data_size                                               
ffffffff  __TI_prof_data_start                                              
00005115  __TI_readmsg                                                      
00007f88  __TI_static_base__                                                
00004f21  __TI_writemsg                                                     
00005f41  __TI_zero_init                                                    
000000b6  __TRDR__                                                          
000039bd  __aeabi_cdcmpeq                                                   
000039bd  __aeabi_cdcmple                                                   
00003a43  __aeabi_cdrcmple                                                  
00004fc9  __aeabi_f2d                                                       
00003e77  __aeabi_idiv0                                                     
00003e77  __aeabi_ldiv0                                                     
00003bc7  __aeabi_memclr                                                    
00003bc7  __aeabi_memclr4                                                   
00003bc7  __aeabi_memclr8                                                   
0000350d  __aeabi_memcpy                                                    
0000350d  __aeabi_memcpy4                                                   
0000350d  __aeabi_memcpy8                                                   
00003bc9  __aeabi_memset                                                    
00003bc9  __aeabi_memset4                                                   
00003bc9  __aeabi_memset8                                                   
00004cf3  __aeabi_uidiv                                                     
00004cf3  __aeabi_uidivmod                                                  
ffffffff  __binit__                                                         
ffffffff  __c_args__                                                        
20001828  __stack                                                           
20000000  __start___llvm_prf_cnts                                           
20000000  __stop___llvm_prf_cnts                                            
00005b4d  _args_main                                                        
00004521  _c_int00                                                          
200017b4  _lock                                                             
000036df  _nop                                                              
00005f29  _register_lock                                                    
00005f35  _register_unlock                                                  
200017b8  _unlock                                                           
000019f5  abort                                                             
000046d1  acquireData                                                       
00004f59  adc_fwd                                                           
00004f91  adc_rd                                                            
0000204d  adjustMotorOutput                                                 
000024c5  basicPIDControl                                                   
ffffffff  binit                                                             
00007d20  bluetoothIT                                                       
200015ec  bufferIndex                                                       
200015f4  collectData                                                       
000048b5  copy_in                                                           
200015e4  currentBuffer                                                     
00002179  deadEnd                                                           
00007d30  deadendRobot                                                      
200015f8  decayCounter                                                      
00002c8d  handleLineDetection                                               
00005b65  handler40msB                                                      
00005969  handler50ms                                                       
00001259  handlerBT                                                         
200015d8  integral                                                          
00001695  main                                                              
2000180c  main_func_sp                                                      
0000350d  memcpy                                                            
00003bcf  memset                                                            
200015e8  nextBuffer                                                        
200015e0  onVal                                                             
20001300  parmbuf                                                           
200015f0  pidCounter                                                        
00007d28  pidSemaphore                                                      
00007d2c  pidTask                                                           
20001260  pingBuffer                                                        
200012b0  pongBuffer                                                        
200015dc  previousError                                                     
00003779  readReflectanceSensor                                             
00005dad  startTimer                                                        
000038a5  stopTimerAndSendData                                              
00005c95  strlen                                                            
00003cb5  swapBuffers                                                       
00007df0  ti_catalog_arm_cortexm4_tiva_ce_Boot_A_mustUseEnhancedClockMode__C
00007df4  ti_catalog_arm_cortexm4_tiva_ce_Boot_Module__diagsEnabled__C      
00007df8  ti_catalog_arm_cortexm4_tiva_ce_Boot_Module__diagsIncluded__C     
00007dfc  ti_catalog_arm_cortexm4_tiva_ce_Boot_Module__diagsMask__C         
00007db6  ti_catalog_arm_cortexm4_tiva_ce_Boot_Module__id__C                
00005ef9  ti_catalog_arm_cortexm4_tiva_ce_Boot_init__I                      
000025cd  ti_catalog_arm_cortexm4_tiva_ce_Boot_sysCtlClockSetI__I           
000036e1  ti_catalog_arm_cortexm4_tiva_ce_Boot_sysCtlClockSet__E            
00006037  ti_catalog_arm_cortexm4_tiva_ce_Boot_sysCtlDelayI__I              
20001700  ti_sysbios_BIOS_Module__state__V                                  
00005a81  ti_sysbios_BIOS_RtsGateProxy_Handle__label__S                     
000056c9  ti_sysbios_BIOS_RtsGateProxy_Object__delete__S                    
00001b5d  ti_sysbios_BIOS_RtsGateProxy_enter__E                             
00001de5  ti_sysbios_BIOS_RtsGateProxy_leave__E                             
00006079  ti_sysbios_BIOS_RtsGateProxy_query__E                             
00005255  ti_sysbios_BIOS_atExitFunc__I                                     
00005639  ti_sysbios_BIOS_errorRaiseHook__I                                 
00005c41  ti_sysbios_BIOS_exitFunc__I                                       
00005dc1  ti_sysbios_BIOS_exit__E                                           
00004465  ti_sysbios_BIOS_nullFunc__I                                       
0000565d  ti_sysbios_BIOS_registerRTSLock__I                                
00005681  ti_sysbios_BIOS_removeRTSLock__I                                  
000057cd  ti_sysbios_BIOS_rtsLock__I                                        
00005b7d  ti_sysbios_BIOS_rtsUnlock__I                                      
00005dd1  ti_sysbios_BIOS_setThreadType__E                                  
000056a5  ti_sysbios_BIOS_startFunc__I                                      
00005de1  ti_sysbios_BIOS_start__E                                          
20001674  ti_sysbios_family_arm_lm4_Timer_Module_State_0_device__A          
20001740  ti_sysbios_family_arm_lm4_Timer_Module_State_0_handles__A         
00005b95  ti_sysbios_family_arm_lm4_Timer_Module__startupDone__F            
00005b95  ti_sysbios_family_arm_lm4_Timer_Module__startupDone__S            
[...]
00005f29  _register_lock                                                    
00005f35  _register_unlock                                                  
00005f41  __TI_zero_init                                                    
00005f51  ti_sysbios_family_arm_lm4_Timer_getMaxTicks__E                    
00005f61  ti_sysbios_family_arm_m3_TaskSupport_checkStack__E                
00005f61  ti_sysbios_knl_Task_SupportProxy_checkStack__E                    
00005f71  ti_sysbios_gates_GateHwi_enter__E                                 
00005f81  ti_sysbios_knl_Clock_getTicks__E                                  
00005f8d  ti_sysbios_knl_Queue_Object__get__S                               
00005f99  xdc_runtime_Error_init__E                                         
00005fa5  xdc_runtime_Gate_enterSystem__E                                   
00005fb1  xdc_runtime_Memory_calloc__E                                      
00005fbd  xdc_runtime_Memory_getMaxDefaultTypeAlign__E                      
00005fc9  ADCIntClear                                                       
00005fd3  UARTCharGet                                                       
00005fdd  UARTCharPut                                                       
00005fe7  UARTIntStatus                                                     
00005ff1  xdc_runtime_Memory_HeapProxy_alloc__E                             
00005ffb  xdc_runtime_Memory_HeapProxy_free__E                              
00006005  TimerIntEnable                                                    
0000600d  UARTIntEnable                                                     
00006015  ti_sysbios_family_arm_lm4_Timer_masterDisable__I                  
00006021  ti_sysbios_family_arm_m3_Hwi_doSwiRestore__I                      
00006029  ti_sysbios_family_arm_m3_Hwi_startup__E                           
00006029  ti_sysbios_hal_Hwi_HwiProxy_startup__E                            
00006029  ti_sysbios_hal_Hwi_startup__E                                     
00006031  UARTClockSourceSet                                                
00006037  ti_catalog_arm_cortexm4_tiva_ce_Boot_sysCtlDelayI__I              
00006041  ti_sysbios_family_arm_m3_Hwi_doTaskRestore__I                     
00006049  ti_sysbios_gates_GateHwi_leave__E                                 
00006051  ti_sysbios_heaps_HeapMem_isBlocking__E                            
00006059  ti_sysbios_knl_Queue_Instance_init__E                             
00006061  ti_sysbios_knl_Swi_startup__E                                     
00006067  xdc_runtime_System_Module_startup__E                              
00006071  ti_sysbios_gates_GateHwi_query__E                                 
00006071  xdc_runtime_Main_Module_GateProxy_query__E                        
00006071  xdc_runtime_System_Module_GateProxy_query__E                      
00006079  ti_sysbios_BIOS_RtsGateProxy_query__E                             
00006079  ti_sysbios_gates_GateMutex_query__E                               
00006079  ti_sysbios_heaps_HeapMem_Module_GateProxy_query__E                
00006081  ti_sysbios_knl_Task_startup__E                                    
00006089  ti_sysbios_gates_GateHwi_Instance_init__E                         
00006091  ti_sysbios_knl_Clock_logTick__E                                   
00006094  xdc_runtime_Text_charTab__A                                       
00007937  xdc_runtime_Error_policy__C                                       
00007938  xdc_runtime_Text_nodeTab__A                                       
00007ba8  ti_sysbios_heaps_HeapMem_Module__FXNS__C                          
00007bd0  ti_sysbios_gates_GateHwi_Module__FXNS__C                          
00007bf4  ti_sysbios_gates_GateMutex_Module__FXNS__C                        
00007c18  ti_sysbios_heaps_HeapMem_Object__PARAMS__C                        
00007c3c  ti_sysbios_knl_Semaphore_Object__PARAMS__C                        
00007c60  ti_sysbios_gates_GateHwi_Object__DESC__C                          
00007c80  ti_sysbios_gates_GateMutex_Object__DESC__C                        
00007ca0  ti_sysbios_heaps_HeapMem_Object__DESC__C                          
00007cc0  ti_sysbios_knl_Queue_Object__DESC__C                              
00007ce0  ti_sysbios_knl_Semaphore_Object__DESC__C                          
00007d00  xdc_runtime_Startup_sfxnTab__A                                    
00007d20  bluetoothIT                                                       
00007d24  Timer50ms                                                         
00007d28  pidSemaphore                                                      
00007d2c  pidTask                                                           
00007d30  deadendRobot                                                      
00007d34  Timer40ms                                                         
00007d38  ti_sysbios_gates_GateHwi_Object__PARAMS__C                        
00007d50  ti_sysbios_gates_GateMutex_Object__PARAMS__C                      
00007d68  ti_sysbios_knl_Queue_Object__PARAMS__C                            
00007d80  xdc_runtime_Startup_firstFxns__A                                  
00007da6  xdc_runtime_Startup_sfxnRts__A                                    
00007db6  ti_catalog_arm_cortexm4_tiva_ce_Boot_Module__id__C                
00007dd0  ti_sysbios_family_arm_m3_Hwi_excHookFuncs__A                      
00007dd8  ti_sysbios_knl_Idle_funcList__C                                   
00007de0  xdc_runtime_Startup_firstFxns__C                                  
00007de8  xdc_runtime_Startup_lastFxns__C                                   
00007df0  ti_catalog_arm_cortexm4_tiva_ce_Boot_A_mustUseEnhancedClockMode__C
00007df4  ti_catalog_arm_cortexm4_tiva_ce_Boot_Module__diagsEnabled__C      
00007df8  ti_catalog_arm_cortexm4_tiva_ce_Boot_Module__diagsIncluded__C     
00007dfc  ti_catalog_arm_cortexm4_tiva_ce_Boot_Module__diagsMask__C         
00007e00  ti_sysbios_family_arm_lm4_Timer_enableFunc__C                     
00007e04  ti_sysbios_family_arm_lm4_Timer_numTimerDevices__C                
00007e08  ti_sysbios_family_arm_lm4_Timer_startupNeeded__C                  
00007e0c  ti_sysbios_family_arm_m3_Hwi_E_NMI__C                             
00007e10  ti_sysbios_family_arm_m3_Hwi_E_busFault__C                        
00007e14  ti_sysbios_family_arm_m3_Hwi_E_debugMon__C                        
00007e18  ti_sysbios_family_arm_m3_Hwi_E_hardFault__C                       
00007e1c  ti_sysbios_family_arm_m3_Hwi_E_memFault__C                        
00007e20  ti_sysbios_family_arm_m3_Hwi_E_noIsr__C                           
00007e24  ti_sysbios_family_arm_m3_Hwi_E_reserved__C                        
00007e28  ti_sysbios_family_arm_m3_Hwi_E_svCall__C                          
00007e2c  ti_sysbios_family_arm_m3_Hwi_E_usageFault__C                      
00007e30  ti_sysbios_family_arm_m3_Hwi_NUM_INTERRUPTS__C                    
00007e34  ti_sysbios_family_arm_m3_Hwi_Object__count__C                     
00007e38  ti_sysbios_family_arm_m3_Hwi_ccr__C                               
00007e3c  ti_sysbios_family_arm_m3_Hwi_excHandlerFunc__C                    
00007e40  ti_sysbios_family_arm_m3_Hwi_excHookFuncs__C                      
00007e44  ti_sysbios_family_arm_m3_Hwi_nullIsrFunc__C                       
00007e48  ti_sysbios_family_arm_m3_Hwi_priGroup__C                          
00007e4c  ti_sysbios_gates_GateMutex_A_badContext__C                        
00007e50  ti_sysbios_gates_GateMutex_Instance_State_sem__O                  
00007e54  ti_sysbios_gates_GateMutex_Module__diagsEnabled__C                
00007e58  ti_sysbios_gates_GateMutex_Module__diagsIncluded__C               
00007e5c  ti_sysbios_gates_GateMutex_Module__diagsMask__C                   
00007e60  ti_sysbios_hal_Hwi_E_stackOverflow__C                             
00007e64  ti_sysbios_heaps_HeapMem_A_align__C                               
00007e68  ti_sysbios_heaps_HeapMem_A_heapSize__C                            
00007e6c  ti_sysbios_heaps_HeapMem_A_invalidFree__C                         
00007e70  ti_sysbios_heaps_HeapMem_A_zeroBlock__C                           
00007e74  ti_sysbios_heaps_HeapMem_E_memory__C                              
00007e78  ti_sysbios_heaps_HeapMem_Module__diagsEnabled__C                  
00007e7c  ti_sysbios_heaps_HeapMem_Module__diagsIncluded__C                 
00007e80  ti_sysbios_heaps_HeapMem_Module__diagsMask__C                     
00007e84  ti_sysbios_heaps_HeapMem_Module__gateObj__C                       
00007e88  ti_sysbios_heaps_HeapMem_Object__count__C                         
00007e8c  ti_sysbios_heaps_HeapMem_reqAlign__C                              
00007e90  ti_sysbios_knl_Clock_Module_State_clockQ__O                       
00007e94  ti_sysbios_knl_Clock_tickPeriod__C                                
00007e98  ti_sysbios_knl_Idle_funcList__A                                   
00007e9c  ti_sysbios_knl_Semaphore_A_badContext__C                          
00007ea0  ti_sysbios_knl_Semaphore_A_noEvents__C                            
00007ea4  ti_sysbios_knl_Semaphore_A_overflow__C                            
00007ea8  ti_sysbios_knl_Semaphore_A_pendTaskDisabled__C                    
00007eac  ti_sysbios_knl_Semaphore_Instance_State_pendQ__O                  
00007eb0  ti_sysbios_knl_Semaphore_Module__diagsEnabled__C                  
00007eb4  ti_sysbios_knl_Semaphore_Module__diagsIncluded__C                 
00007eb8  ti_sysbios_knl_Semaphore_Module__diagsMask__C                     
00007ebc  ti_sysbios_knl_Swi_Object__count__C                               
00007ec0  ti_sysbios_knl_Task_E_spOutOfBounds__C                            
00007ec4  ti_sysbios_knl_Task_E_stackOverflow__C                            
00007ec8  ti_sysbios_knl_Task_Module_State_inactiveQ__O                     
00007ecc  ti_sysbios_knl_Task_Object__count__C                              
00007ed0  ti_sysbios_knl_Task_allBlockedFunc__C                             
00007ed4  ti_sysbios_knl_Task_numConstructedTasks__C                        
00007edc  xdc_runtime_Assert_E_assertFailed__C                              
00007ee0  xdc_runtime_Core_A_initializedParams__C                           
00007ee4  xdc_runtime_Core_Module__diagsEnabled__C                          
00007ee8  xdc_runtime_Core_Module__diagsIncluded__C                         
00007eec  xdc_runtime_Core_Module__diagsMask__C                             
00007ef0  xdc_runtime_Error_E_memory__C                                     
00007ef4  xdc_runtime_Error_Module__diagsEnabled__C                         
00007ef8  xdc_runtime_Error_Module__diagsIncluded__C                        
00007efc  xdc_runtime_Error_Module__diagsMask__C                            
00007f00  xdc_runtime_Error_Module__loggerFxn8__C                           
00007f04  xdc_runtime_Error_Module__loggerObj__C                            
00007f08  xdc_runtime_Error_policyFxn__C                                    
00007f0c  xdc_runtime_Error_raiseHook__C                                    
00007f10  xdc_runtime_IGateProvider_Interface__BASE__C                      
00007f14  xdc_runtime_IHeap_Interface__BASE__C                              
00007f18  xdc_runtime_IModule_Interface__BASE__C                            
00007f1c  xdc_runtime_Log_L_error__C                                        
00007f20  xdc_runtime_Memory_defaultHeapInstance__C                         
00007f24  xdc_runtime_Startup_execImpl__C                                   
00007f28  xdc_runtime_Startup_maxPasses__C                                  
00007f2c  xdc_runtime_Startup_sfxnRts__C                                    
00007f30  xdc_runtime_Startup_sfxnTab__C                                    
00007f34  xdc_runtime_SysMin_bufSize__C                                     
00007f38  xdc_runtime_SysMin_outputFunc__C                                  
00007f3c  xdc_runtime_System_Module__gateObj__C                             
00007f40  xdc_runtime_System_abortFxn__C                                    
00007f44  xdc_runtime_System_exitFxn__C                                     
00007f48  xdc_runtime_System_extendFxn__C                                   
00007f4c  xdc_runtime_System_maxAtexitHandlers__C                           
00007f50  xdc_runtime_Text_charTab__C                                       
00007f54  xdc_runtime_Text_nameEmpty__C                                     
00007f58  xdc_runtime_Text_nameStatic__C                                    
00007f5c  xdc_runtime_Text_nameUnknown__C                                   
00007f60  xdc_runtime_Text_nodeTab__C                                       
00007f64  xdc_runtime_Text_visitRopeFxn__C                                  
00007f68  ti_sysbios_family_arm_m3_Hwi_Module__id__C                        
00007f6a  ti_sysbios_gates_GateMutex_Module__id__C                          
00007f6c  ti_sysbios_hal_Hwi_Module__id__C                                  
00007f6e  ti_sysbios_heaps_HeapMem_Module__id__C                            
00007f70  ti_sysbios_knl_Semaphore_Module__id__C                            
00007f72  ti_sysbios_knl_Task_Module__id__C                                 
00007f74  xdc_runtime_Core_Module__id__C                                    
00007f76  xdc_runtime_Error_Module__loggerDefined__C                        
00007f78  xdc_runtime_Error_maxDepth__C                                     
00007f7a  xdc_runtime_Memory_Module__id__C                                  
00007f7c  xdc_runtime_SysMin_flushAtExit__C                                 
00007f7e  xdc_runtime_Text_charCnt__C                                       
00007f80  xdc_runtime_Text_isLoaded__C                                      
00007f82  xdc_runtime_Text_registryModsLastId__C                            
00007f84  xdc_runtime_Text_unnamedModsLastId__C                             
00007f88  __TI_static_base__                                                
0000819c  __TI_Handler_Table_Base                                           
000081a8  __TI_Handler_Table_Limit                                          
000081b8  __TI_CINIT_Base                                                   
000081d0  __TI_CINIT_Limit                                                  
20000000  __start___llvm_prf_cnts                                           
20000000  __stop___llvm_prf_cnts                                            
20000000  ti_sysbios_family_arm_m3_Hwi_ramVectors                           
20000360  ti_sysbios_knl_Task_Instance_State_0_stack__A                     
20000560  ti_sysbios_knl_Task_Instance_State_1_stack__A                     
20000760  ti_sysbios_knl_Task_Instance_State_2_stack__A                     
20000960  ti_sysbios_heaps_HeapMem_Instance_State_0_buf__A                  
20000d60  ti_sysbios_family_arm_m3_Hwi_dispatchTable                        
200010c0  __CIOBUF_                                                         
200011e0  xdc_runtime_SysMin_Module_State_0_outbuf__A                       
20001260  pingBuffer                                                        
200012b0  pongBuffer                                                        
20001300  parmbuf                                                           
20001308  ti_sysbios_knl_Task_Object__table__V                              
200013ec  ti_sysbios_knl_Swi_Module_State_0_readyQ__A                       
2000146c  ti_sysbios_knl_Task_Module_State_0_readyQ__A                      
200014ec  ti_sysbios_family_arm_m3_Hwi_Object__table__V                     
2000154c  ti_sysbios_knl_Task_Module__state__V                              
20001590  ti_sysbios_family_arm_lm4_Timer_Object__table__V                  
200015d0  LeftDutyCycle                                                     
200015d4  RightDutyCycle                                                    
200015d8  integral                                                          
200015dc  previousError                                                     
200015e0  onVal                                                             
200015e4  currentBuffer                                                     
200015e8  nextBuffer                                                        
200015ec  bufferIndex                                                       
200015f0  pidCounter                                                        
200015f4  collectData                                                       
200015f8  decayCounter                                                      
20001608  ti_sysbios_gates_GateMutex_Object__table__V                       
20001640  ti_sysbios_family_arm_m3_Hwi_Module__state__V                     
20001674  ti_sysbios_family_arm_lm4_Timer_Module_State_0_device__A          
200016a4  ti_sysbios_knl_Swi_Object__table__V                               
200016d4  ti_sysbios_knl_Clock_Module__state__V                             
20001700  ti_sysbios_BIOS_Module__state__V                                  
20001724  ti_sysbios_knl_Swi_Module__state__V                               
20001740  ti_sysbios_family_arm_lm4_Timer_Module_State_0_handles__A         
20001758  ti_sysbios_hal_Hwi_Object__table__V                               
20001770  ti_sysbios_heaps_HeapMem_Object__table__V                         
20001788  ti_sysbios_knl_Semaphore_Object__table__V                         
2000179c  ti_sysbios_family_arm_lm4_Timer_Module__state__V                  
200017a8  xdc_runtime_SysMin_Module__state__V                               
200017b4  _lock                                                             
200017b8  _unlock                                                           
200017bc  ti_sysbios_gates_GateHwi_Module__root__V                          
200017c4  ti_sysbios_gates_GateMutex_Module__root__V                        
200017cc  ti_sysbios_heaps_HeapMem_Module__root__V                          
200017d4  ti_sysbios_knl_Queue_Module__root__V                              
200017dc  ti_sysbios_knl_Semaphore_Module__root__V                          
200017e4  xdc_runtime_Registry_Module__state__V                             
200017ec  xdc_runtime_Startup_Module__state__V                              
200017f4  xdc_runtime_System_Module_State_0_atexitHandlers__A               
200017fc  xdc_runtime_System_Module__state__V                               
2000180a  ti_sysbios_family_arm_m3_Hwi_Module_State_0_excActive__A          
2000180c  main_func_sp                                                      
20001810  ti_sysbios_family_arm_m3_Hwi_Module_State_0_excContext__A         
20001814  ti_sysbios_family_arm_m3_Hwi_Module_State_0_excStack__A           
20001818  ti_sysbios_gates_GateHwi_Object__table__V                         
2000181c  ti_sysbios_knl_Task_Module_State_0_idleTask__A                    
20001820  xdc_runtime_Memory_Module__state__V                               
20001824  xdc_runtime_Error_Module__state__V                                
20001828  __stack                                                           
20001b28  __STACK_END                                                       
e000e000  ti_sysbios_family_arm_m3_Hwi_nvic                                 
ffffffff  __TI_pprof_out_hndl                                               
ffffffff  __TI_prof_data_size                                               
ffffffff  __TI_prof_data_start                                              
ffffffff  __binit__                                                         
ffffffff  __c_args__                                                        
ffffffff  binit                                                             
UNDEFED   SHT$$INIT_ARRAY$$Base                                             
UNDEFED   SHT$$INIT_ARRAY$$Limit                                            

[585 symbols]
